D:\code>ceedling new Demo_Intel
Welcome to Ceedling!
      create  Demo_Intel/project.yml

Project 'Demo_Intel' created!
 - Execute 'ceedling help' from Demo_Intel to view available test & build tasks


D:\code>cd Demo_Intel
D:\code\Demo_Intel>ceedling module:create[add]
File src/add.c created
File src/add.h created
File test/test_add.c created
Generate Complete

D:\code\Demo_Intel>ceedling test:all


Test 'test_add.c'
-----------------
Generating runner for test_add.c...
Compiling test_add_runner.c...
Compiling test_add.c...
Compiling unity.c...
Compiling add.c...
Compiling cmock.c...
Linking test_add.out...
Running test_add.out...

--------------------
IGNORED TEST SUMMARY
--------------------
[test_add.c]
  Test: test_add_NeedToImplement
  At line (15): "Need to Implement add"

--------------------
OVERALL TEST SUMMARY
--------------------
TESTED:  1
PASSED:  0
FAILED:  0
IGNORED: 1


D:\code\Demo_Intel>wmic cpu get Caption,DeviceID,Name,NumberOfCores,NumberOfLogicalProcessors,Architecture
Architecture  Caption                                DeviceID  Name                                  NumberOfCores  NumberOfLogicalProcessors
9             Intel64 Family 6 Model 154 Stepping 3  CPU0      12th Gen Intel(R) Core(TM) i7-12700H  14             20

D:\code\Demo_Intel>gcc -v
Using built-in specs.
COLLECT_GCC=gcc
COLLECT_LTO_WRAPPER=C:/mingw64/bin/../libexec/gcc/x86_64-w64-mingw32/8.1.0/lto-wrapper.exe
Target: x86_64-w64-mingw32
Configured with: ../../../src/gcc-8.1.0/configure --host=x86_64-w64-mingw32 --build=x86_64-w64-mingw32 --target=x86_64-w64-mingw32 --prefix=/mingw64 --with-sysroot=/c/mingw810/x86_64-810-win32-seh-rt_v6-rev0/mingw64 --enable-shared --enable-static --disable-multilib --enable-languages=c,c++,fortran,lto --enable-libstdcxx-time=yes --enable-threads=win32 --enable-libgomp --enable-libatomic --enable-lto --enable-graphite --enable-checking=release --enable-fully-dynamic-string --enable-version-specific-runtime-libs --disable-libstdcxx-pch --disable-libstdcxx-debug --enable-bootstrap --disable-rpath --disable-win32-registry --disable-nls --disable-werror --disable-symvers --with-gnu-as --with-gnu-ld --with-arch=nocona --with-tune=core2 --with-libiconv --with-system-zlib --with-gmp=/c/mingw810/prerequisites/x86_64-w64-mingw32-static --with-mpfr=/c/mingw810/prerequisites/x86_64-w64-mingw32-static --with-mpc=/c/mingw810/prerequisites/x86_64-w64-mingw32-static --with-isl=/c/mingw810/prerequisites/x86_64-w64-mingw32-static --with-pkgversion='x86_64-win32-seh-rev0, Built by MinGW-W64 project' --with-bugurl=https://sourceforge.net/projects/mingw-w64 CFLAGS='-O2 -pipe -fno-ident -I/c/mingw810/x86_64-810-win32-seh-rt_v6-rev0/mingw64/opt/include -I/c/mingw810/prerequisites/x86_64-zlib-static/include -I/c/mingw810/prerequisites/x86_64-w64-mingw32-static/include' CXXFLAGS='-O2 -pipe -fno-ident -I/c/mingw810/x86_64-810-win32-seh-rt_v6-rev0/mingw64/opt/include -I/c/mingw810/prerequisites/x86_64-zlib-static/include -I/c/mingw810/prerequisites/x86_64-w64-mingw32-static/include' CPPFLAGS=' -I/c/mingw810/x86_64-810-win32-seh-rt_v6-rev0/mingw64/opt/include -I/c/mingw810/prerequisites/x86_64-zlib-static/include -I/c/mingw810/prerequisites/x86_64-w64-mingw32-static/include' LDFLAGS='-pipe -fno-ident -L/c/mingw810/x86_64-810-win32-seh-rt_v6-rev0/mingw64/opt/lib -L/c/mingw810/prerequisites/x86_64-zlib-static/lib -L/c/mingw810/prerequisites/x86_64-w64-mingw32-static/lib '
Thread model: win32
gcc version 8.1.0 (x86_64-win32-seh-rev0, Built by MinGW-W64 project)

D:\code\Demo_Intel>ruby -v
ruby 2.7.2p137 (2020-10-01 revision 5445e04352) [x64-mingw32]

D:\code\Demo_Intel>gem -v
3.1.4

D:\code\Demo_Intel>ceedling version
   Ceedling:: 0.30.0
      Unity:: 2.5.1
      CMock:: 2.5.2
 CException:: 1.3.2

